allocated: 1024
allocated: 1024
allocated: 1024
allocated: 1024
allocated: 1024
allocated: 1024
allocated: 1024
allocated: 1024
allocated: 1024
allocated: 1024
allocated: 1048576
allocated: 1048576
allocated: 1048576
allocated: 1048576
allocated: 1048576
allocated: 1048576
allocated: 1048576
allocated: 1048576
allocated: 1048576
allocated: 1048576
